// Jest Snapshot v1, https://goo.gl/fbAQLP

exports[`matches snapshot 1`] = `
<DocumentFragment>
  <div>
    <div
      style="height: 100px; width: 100px;"
    />
    <button>
      Delete Box
    </button>
  </div>
</DocumentFragment>
`;
